<?xml version="1.0" encoding="UTF-8" standalone="no"?>
<!DOCTYPE log SYSTEM "logger.dtd">
<log>
<record>
  <date>2025-07-16T08:45:44.326-0300</date>
  <logger>JOAO BRUNO TAVARES UCHOA</logger>
  <level>FINE</level>
  <message>File 123210302-JOAO BRUNO TAVARES UCHOA.zip was received. It was sent by JOAO BRUNO TAVARES UCHOA from IP 150.165.42.109 at 16-07-2025 08*45*44</message>
</record>
</log>
<?xml version="1.0" encoding="UTF-8" standalone="no"?>
<!DOCTYPE log SYSTEM "logger.dtd">
<log>
<record>
  <date>2025-07-16T09:03:40.159-0300</date>
  <logger>JOAO BRUNO TAVARES UCHOA</logger>
  <level>FINE</level>
  <message>File 123210302-JOAO BRUNO TAVARES UCHOA.zip was received. It was sent by JOAO BRUNO TAVARES UCHOA from IP 150.165.42.109 at 16-07-2025 09*03*39</message>
</record>
</log>
<?xml version="1.0" encoding="UTF-8" standalone="no"?>
<!DOCTYPE log SYSTEM "logger.dtd">
<log>
<record>
  <date>2025-07-16T09:03:46.990-0300</date>
  <logger>JOAO BRUNO TAVARES UCHOA</logger>
  <level>FINE</level>
  <message>File 123210302-JOAO BRUNO TAVARES UCHOA.zip was received. It was sent by JOAO BRUNO TAVARES UCHOA from IP 150.165.42.109 at 16-07-2025 09*03*46</message>
</record>
</log>
<?xml version="1.0" encoding="UTF-8" standalone="no"?>
<!DOCTYPE log SYSTEM "logger.dtd">
<log>
<record>
  <date>2025-07-16T09:24:43.487-0300</date>
  <logger>JOAO BRUNO TAVARES UCHOA</logger>
  <level>FINE</level>
  <message>File 123210302-JOAO BRUNO TAVARES UCHOA.zip was received. It was sent by JOAO BRUNO TAVARES UCHOA from IP 150.165.42.109 at 16-07-2025 09*24*42</message>
</record>
</log>
<?xml version="1.0" encoding="UTF-8" standalone="no"?>
<!DOCTYPE log SYSTEM "logger.dtd">
<log>
<record>
  <date>2025-07-16T09:32:03.502-0300</date>
  <logger>JOAO BRUNO TAVARES UCHOA</logger>
  <level>FINE</level>
  <message>File 123210302-JOAO BRUNO TAVARES UCHOA.zip was received. It was sent by JOAO BRUNO TAVARES UCHOA from IP 150.165.42.109 at 16-07-2025 09*32*03</message>
</record>
